{
    "content": [
        {
            "hidden": false,
            "name": "custom_options",
            "stat": {
                "perms": "rw-r--r--",
                "size": 44,
                "symlink_dest": null,
                "type": "-"
            },
            "type": "file"
        },
        {
            "hidden": false,
            "name": "default_options",
            "stat": {
                "perms": "rw-r--r--",
                "size": 11,
                "symlink_dest": null,
                "type": "-"
            },
            "type": "file"
        },
        {
            "hidden": false,
            "name": "handling_invalid_files",
            "stat": {
                "perms": "rw-r--r--",
                "size": 11,
                "symlink_dest": null,
                "type": "-"
            },
            "type": "file"
        },
        {
            "hidden": false,
            "name": "overwrite",
            "stat": {
                "perms": "rw-r--r--",
                "size": 52,
                "symlink_dest": null,
                "type": "-"
            },
            "type": "file"
        },
        {
            "hidden": false,
            "name": "process_dir_path",
            "stat": {
                "perms": "rw-r--r--",
                "size": 0,
                "symlink_dest": null,
                "type": "-"
            },
            "type": "file"
        },
        {
            "hidden": false,
            "name": "process_function",
            "stat": {
                "perms": "rw-r--r--",
                "size": 67,
                "symlink_dest": null,
                "type": "-"
            },
            "type": "file"
        },
        {
            "hidden": false,
            "name": "sourcemap2_link.map",
            "stat": {
                "perms": "rw-r--r--",
                "size": 233,
                "symlink_dest": null,
                "type": "-"
            },
            "type": "file"
        },
        {
            "hidden": false,
            "name": "sourcemap3_embed.map",
            "stat": {
                "perms": "rw-r--r--",
                "size": 228,
                "symlink_dest": null,
                "type": "-"
            },
            "type": "file"
        },
        {
            "hidden": false,
            "name": "sourcemap_css.css",
            "stat": {
                "perms": "rw-r--r--",
                "size": 227,
                "symlink_dest": null,
                "type": "-"
            },
            "type": "file"
        },
        {
            "hidden": false,
            "name": "sourcemap_css.css.map",
            "stat": {
                "perms": "rw-r--r--",
                "size": 809,
                "symlink_dest": null,
                "type": "-"
            },
            "type": "file"
        },
        {
            "hidden": false,
            "name": "sourcemap_inline",
            "stat": {
                "perms": "rw-r--r--",
                "size": 468,
                "symlink_dest": null,
                "type": "-"
            },
            "type": "file"
        },
        {
            "hidden": false,
            "name": "sourcemap_js.js",
            "stat": {
                "perms": "rw-r--r--",
                "size": 181,
                "symlink_dest": null,
                "type": "-"
            },
            "type": "file"
        },
        {
            "hidden": false,
            "name": "sourcemap_js.js.map",
            "stat": {
                "perms": "rw-r--r--",
                "size": 700,
                "symlink_dest": null,
                "type": "-"
            },
            "type": "file"
        }
    ],
    "directory": "expected",
    "package": "node-grunt-contrib-concat",
    "path": "node-grunt-contrib-concat/1.0.1-5/test/expected",
    "pkg_infos": {
        "area": "main",
        "copyright": true,
        "ctags_count": 0,
        "license": "/copyright/license/node-grunt-contrib-concat/1.0.1-5/",
        "metric": {
            "size": 320
        },
        "pts_link": "https://tracker.debian.org/pkg/node-grunt-contrib-concat",
        "sloc": [
            [
                "javascript",
                536
            ],
            [
                "makefile",
                6
            ]
        ],
        "suites": [
            "bookworm"
        ],
        "vcs_browser": "https://salsa.debian.org/js-team/node-grunt-contrib-concat",
        "vcs_type": "git"
    },
    "type": "directory",
    "version": "1.0.1-5"
}