{
    "content": [
        {
            "hidden": false,
            "name": "repmgr_extension.out",
            "stat": {
                "perms": "rw-r--r--",
                "size": 2570,
                "symlink_dest": null,
                "type": "-"
            },
            "type": "file"
        }
    ],
    "directory": "expected",
    "package": "repmgr",
    "path": "repmgr/5.2.1-1/expected",
    "pkg_infos": {
        "area": "main",
        "copyright": true,
        "ctags_count": 0,
        "license": "/copyright/license/repmgr/5.2.1-1/",
        "metric": {
            "size": 2564
        },
        "pts_link": "https://tracker.debian.org/pkg/repmgr",
        "sloc": [
            [
                "ansic",
                29504
            ],
            [
                "xml",
                14558
            ],
            [
                "sql",
                1706
            ],
            [
                "lex",
                640
            ],
            [
                "makefile",
                176
            ],
            [
                "perl",
                73
            ],
            [
                "sh",
                72
            ]
        ],
        "suites": [
            "bookworm",
            "sid"
        ],
        "vcs_browser": "https://salsa.debian.org/postgresql/repmgr",
        "vcs_type": "git"
    },
    "type": "directory",
    "version": "5.2.1-1"
}