{
    "checksum": "58b0a540d410c4a56e7e21db4c9c1d0dd54c0caebb266f364a35b5af7bbf543a",
    "file": "test.js.snap",
    "mime": {
        "encoding": "us-ascii",
        "type": "text/plain"
    },
    "number_of_duplicates": 3,
    "package": "node-rollup-plugin-terser",
    "path": "node-rollup-plugin-terser/7.0.2+~5.0.1-2/.pc/2001_use_older_terser.patch/test/__snapshots__/test.js.snap",
    "pkg_infos": {
        "area": "main",
        "copyright": true,
        "ctags_count": 0,
        "license": "/copyright/license/node-rollup-plugin-terser/7.0.2+%7E5.0.1-2/",
        "metric": {
            "size": 460
        },
        "pts_link": "https://tracker.debian.org/pkg/node-rollup-plugin-terser",
        "sloc": [
            [
                "javascript",
                1047
            ],
            [
                "makefile",
                5
            ],
            [
                "sh",
                1
            ]
        ],
        "suites": [
            "bookworm",
            "sid"
        ],
        "vcs_browser": "https://salsa.debian.org/js-team/node-rollup-plugin-terser",
        "vcs_type": "git"
    },
    "raw_url": "/data/main/n/node-rollup-plugin-terser/7.0.2%2B~5.0.1-2/.pc/2001_use_older_terser.patch/test/__snapshots__/test.js.snap",
    "stat": {
        "perms": "rw-r--r--",
        "size": 901,
        "symlink_dest": null,
        "type": "-"
    },
    "text_file": true,
    "type": "file",
    "version": "7.0.2+~5.0.1-2"
}