{
    "checksum": "50d8bf1592afc3b21a6dc9e3c3664023f67ab0c8ee69a6cf1ae131ce34536fe6",
    "file": "algorithm.test.js.snap.webpack4",
    "mime": {
        "encoding": "us-ascii",
        "type": "text/plain"
    },
    "number_of_duplicates": 1,
    "package": "node-compression-webpack-plugin",
    "path": "node-compression-webpack-plugin/6.1.1-1/test/__snapshots__/algorithm.test.js.snap.webpack4",
    "pkg_infos": {
        "area": "main",
        "copyright": true,
        "ctags_count": 0,
        "license": "/copyright/license/node-compression-webpack-plugin/6.1.1-1/",
        "metric": {
            "size": 1324
        },
        "pts_link": "https://tracker.debian.org/pkg/node-compression-webpack-plugin",
        "sloc": [
            [
                "javascript",
                2260
            ],
            [
                "makefile",
                4
            ],
            [
                "sh",
                2
            ]
        ],
        "suites": [
            "bookworm",
            "bullseye",
            "sid"
        ],
        "vcs_browser": "https://salsa.debian.org/js-team/node-compression-webpack-plugin",
        "vcs_type": "git"
    },
    "raw_url": "/data/main/n/node-compression-webpack-plugin/6.1.1-1/test/__snapshots__/algorithm.test.js.snap.webpack4",
    "stat": {
        "perms": "rw-r--r--",
        "size": 5631,
        "symlink_dest": null,
        "type": "-"
    },
    "text_file": true,
    "type": "file",
    "version": "6.1.1-1"
}