{
    "checksum": "d777e22fdd26490d16177e368954da351b34f45e9e6389ff3f46a375a880d679",
    "file": "key_asterisk.expected",
    "mime": {
        "encoding": "us-ascii",
        "type": "text/plain"
    },
    "number_of_duplicates": 4,
    "package": "groonga",
    "path": "groonga/11.0.6-1/test/command/suite/select/output_columns/nonexistent/key_asterisk.expected",
    "pkg_infos": {
        "area": "main",
        "copyright": true,
        "ctags_count": 0,
        "license": "/copyright/license/groonga/11.0.6-1/",
        "metric": {
            "size": 128264
        },
        "pts_link": "https://tracker.debian.org/pkg/groonga",
        "sloc": [
            [
                "ansic",
                816536
            ],
            [
                "javascript",
                63552
            ],
            [
                "ruby",
                46325
            ],
            [
                "cpp",
                36058
            ],
            [
                "xml",
                25362
            ],
            [
                "yacc",
                13333
            ],
            [
                "sh",
                7781
            ],
            [
                "python",
                3266
            ],
            [
                "makefile",
                2329
            ],
            [
                "perl",
                133
            ]
        ],
        "suites": [
            "bookworm",
            "sid"
        ],
        "vcs_browser": "https://salsa.debian.org/debian/groonga/",
        "vcs_type": "git"
    },
    "raw_url": "/data/main/g/groonga/11.0.6-1/test/command/suite/select/output_columns/nonexistent/key_asterisk.expected",
    "stat": {
        "perms": "rw-r--r--",
        "size": 294,
        "symlink_dest": null,
        "type": "-"
    },
    "text_file": true,
    "type": "file",
    "version": "11.0.6-1"
}