{
    "checksum": "950e6e62a87cfeb3918346faa9b2b1519440bd28fa2d526a19e90bf7c750fd00",
    "file": "beanSer.txt",
    "mime": {
        "encoding": "us-ascii",
        "type": "text/html"
    },
    "number_of_duplicates": 1,
    "package": "tomcat",
    "path": "tomcat/3.3a-4woody1/src/tests/share/tests/jsp/Golden/beanSer.txt",
    "pkg_infos": {
        "area": "contrib",
        "copyright": true,
        "ctags_count": 10427,
        "license": "/copyright/license/tomcat/3.3a-4woody1/",
        "metric": {
            "size": 10328
        },
        "pts_link": "https://tracker.debian.org/pkg/tomcat",
        "sloc": [
            [
                "java",
                45058
            ],
            [
                "ansic",
                14218
            ],
            [
                "jsp",
                4565
            ],
            [
                "xml",
                4326
            ],
            [
                "sh",
                1035
            ],
            [
                "makefile",
                145
            ]
        ],
        "suites": [
            "woody"
        ]
    },
    "raw_url": "/data/contrib/t/tomcat/3.3a-4woody1/src/tests/share/tests/jsp/Golden/beanSer.txt",
    "stat": {
        "perms": "rw-r--r--",
        "size": 27,
        "symlink_dest": null,
        "type": "-"
    },
    "text_file": true,
    "type": "file",
    "version": "3.3a-4woody1"
}