{
    "checksum": "eac3d560102106ee4e0d0e0d1a15de2fb3abb54eed0b38aacdc7140d252406fe",
    "file": "02311-pragma.c",
    "mime": {
        "encoding": "us-ascii",
        "type": "text/x-c"
    },
    "number_of_duplicates": 5,
    "package": "uncrustify",
    "path": "uncrustify/0.72.0+dfsg1-2/tests/expected/c/02311-pragma.c",
    "pkg_infos": {
        "area": "main",
        "copyright": true,
        "ctags_count": 0,
        "license": "/copyright/license/uncrustify/0.72.0+dfsg1-2/",
        "metric": {
            "size": 20792
        },
        "pts_link": "https://tracker.debian.org/pkg/uncrustify",
        "sloc": [
            [
                "cpp",
                66305
            ],
            [
                "ansic",
                20623
            ],
            [
                "python",
                3195
            ],
            [
                "cs",
                3184
            ],
            [
                "objc",
                1870
            ],
            [
                "java",
                557
            ],
            [
                "sh",
                388
            ],
            [
                "awk",
                150
            ],
            [
                "javascript",
                127
            ],
            [
                "perl",
                63
            ],
            [
                "makefile",
                7
            ]
        ],
        "suites": [
            "bookworm",
            "bullseye",
            "sid"
        ],
        "vcs_browser": "https://salsa.debian.org/debian/uncrustify",
        "vcs_type": "git"
    },
    "raw_url": "/data/main/u/uncrustify/0.72.0%2Bdfsg1-2/tests/expected/c/02311-pragma.c",
    "stat": {
        "perms": "rw-r--r--",
        "size": 313,
        "symlink_dest": null,
        "type": "-"
    },
    "text_file": true,
    "type": "file",
    "version": "0.72.0+dfsg1-2"
}