{
    "checksum": "c0cca71f613b67ca89af132e9d2c9cb1a270a7236574a5164732750ffc358f56",
    "file": "sql-func.stdout",
    "mime": {
        "encoding": "us-ascii",
        "type": "text/plain"
    },
    "number_of_duplicates": 17,
    "package": "postgresql-8.4",
    "path": "postgresql-8.4/8.4.22lts6-0+deb6u1/src/interfaces/ecpg/test/expected/sql-func.stdout",
    "pkg_infos": {
        "area": "main",
        "copyright": true,
        "ctags_count": 50331,
        "license": "/copyright/license/postgresql-8.4/8.4.22lts6-0+deb6u1/",
        "metric": {
            "size": 85432
        },
        "pts_link": "https://tracker.debian.org/pkg/postgresql-8.4",
        "sloc": [
            [
                "ansic",
                508481
            ],
            [
                "sql",
                28176
            ],
            [
                "yacc",
                22852
            ],
            [
                "perl",
                5979
            ],
            [
                "lex",
                5919
            ],
            [
                "sh",
                5718
            ],
            [
                "makefile",
                3443
            ],
            [
                "asm",
                65
            ],
            [
                "sed",
                15
            ],
            [
                "python",
                12
            ]
        ],
        "suites": [
            "squeeze-lts"
        ],
        "vcs_browser": "https://anonscm.debian.org/cgit/pkg-postgresql/postgresql.git/",
        "vcs_type": "git"
    },
    "raw_url": "/data/main/p/postgresql-8.4/8.4.22lts6-0%2Bdeb6u1/src/interfaces/ecpg/test/expected/sql-func.stdout",
    "stat": {
        "perms": "rw-r--r--",
        "size": 38,
        "symlink_dest": null,
        "type": "-"
    },
    "text_file": true,
    "type": "file",
    "version": "8.4.22lts6-0+deb6u1"
}