{
    "checksum": "5b0dbded3ffc59c65de1cbe6925a6aa5f494f99bd162b58b3e3ef4ac75e54713",
    "file": "many-diff.golden",
    "mime": {
        "encoding": "us-ascii",
        "type": "text/plain"
    },
    "number_of_duplicates": 2,
    "package": "gotest.tools",
    "path": "gotest.tools/3.0.3-1/internal/format/testdata/many-diff.golden",
    "pkg_infos": {
        "area": "main",
        "copyright": true,
        "ctags_count": 0,
        "license": "/copyright/license/gotest.tools/3.0.3-1/",
        "metric": {
            "size": 600
        },
        "pts_link": "https://tracker.debian.org/pkg/gotest.tools",
        "sloc": [
            [
                "makefile",
                11
            ],
            [
                "sh",
                6
            ]
        ],
        "suites": [
            "bookworm",
            "bullseye",
            "sid"
        ],
        "vcs_browser": "https://salsa.debian.org/go-team/packages/gotest.tools",
        "vcs_type": "git"
    },
    "raw_url": "/data/main/g/gotest.tools/3.0.3-1/internal/format/testdata/many-diff.golden",
    "stat": {
        "perms": "rw-r--r--",
        "size": 74,
        "symlink_dest": null,
        "type": "-"
    },
    "text_file": true,
    "type": "file",
    "version": "3.0.3-1"
}