{
    "checksum": "42c18b1b7d42250c8e77f2925782c1b4f4d21ada2ee270abef72f09da750c399",
    "file": "dialect.out",
    "mime": {
        "encoding": "us-ascii",
        "type": "text/plain"
    },
    "number_of_duplicates": 3,
    "package": "plv8",
    "path": "plv8/1:1.4.10.ds-1/expected/dialect.out",
    "pkg_infos": {
        "area": "main",
        "copyright": true,
        "ctags_count": 322,
        "license": "/copyright/license/plv8/1:1.4.10.ds-1/",
        "metric": {
            "size": 556
        },
        "pts_link": "https://tracker.debian.org/pkg/plv8",
        "sloc": [
            [
                "cpp",
                3350
            ],
            [
                "sql",
                819
            ],
            [
                "makefile",
                125
            ],
            [
                "sh",
                47
            ]
        ],
        "suites": [
            "stretch"
        ],
        "vcs_browser": "http://anonscm.debian.org/gitweb/?p=pkg-postgresql/plv8.git",
        "vcs_type": "git"
    },
    "raw_url": "/data/main/p/plv8/1%3A1.4.10.ds-1/expected/dialect.out",
    "stat": {
        "perms": "rw-r--r--",
        "size": 616,
        "symlink_dest": null,
        "type": "-"
    },
    "text_file": true,
    "type": "file",
    "version": "1:1.4.10.ds-1"
}