{
    "checksum": "ee7171517f874eb51641b80154071b1b97a56d36f92ae76488dae435c0c1eb48",
    "file": "test5.expected",
    "mime": {
        "encoding": "us-ascii",
        "type": "text/xml"
    },
    "number_of_duplicates": 2,
    "package": "gtk4",
    "path": "gtk4/4.4.0+ds1-5/testsuite/tools/simplify-data/test5.expected",
    "pkg_infos": {
        "area": "main",
        "copyright": true,
        "ctags_count": 0,
        "license": "/copyright/license/gtk4/4.4.0+ds1-5/",
        "metric": {
            "size": 132256
        },
        "pts_link": "https://tracker.debian.org/pkg/gtk4",
        "sloc": [
            [
                "ansic",
                651168
            ],
            [
                "python",
                7881
            ],
            [
                "xml",
                3500
            ],
            [
                "javascript",
                3486
            ],
            [
                "sh",
                729
            ],
            [
                "perl",
                271
            ],
            [
                "makefile",
                229
            ],
            [
                "cpp",
                21
            ]
        ],
        "suites": [
            "bookworm",
            "sid"
        ],
        "vcs_browser": "https://salsa.debian.org/gnome-team/gtk4",
        "vcs_type": "git"
    },
    "raw_url": "/data/main/g/gtk4/4.4.0%2Bds1-5/testsuite/tools/simplify-data/test5.expected",
    "stat": {
        "perms": "rw-r--r--",
        "size": 234,
        "symlink_dest": null,
        "type": "-"
    },
    "text_file": true,
    "type": "file",
    "version": "4.4.0+ds1-5"
}