{
    "checksum": "20f5ffa6abf6e53189a008519fac78edfc54fb3558a9db9186e5774ce12d8e6e",
    "file": "sql-show.stdout",
    "mime": {
        "encoding": "us-ascii",
        "type": "text/plain"
    },
    "number_of_duplicates": 17,
    "package": "postgresql-9.4",
    "path": "postgresql-9.4/9.4.18-0+deb8u1/src/interfaces/ecpg/test/expected/sql-show.stdout",
    "pkg_infos": {
        "area": "main",
        "copyright": true,
        "ctags_count": 0,
        "license": "/copyright/license/postgresql-9.4/9.4.18-0+deb8u1/",
        "metric": {
            "size": 121624
        },
        "pts_link": "https://tracker.debian.org/pkg/postgresql-9.4",
        "sloc": [
            [
                "ansic",
                672040
            ],
            [
                "sql",
                55424
            ],
            [
                "yacc",
                28505
            ],
            [
                "perl",
                10067
            ],
            [
                "lex",
                6757
            ],
            [
                "sh",
                5199
            ],
            [
                "makefile",
                4103
            ],
            [
                "asm",
                65
            ],
            [
                "sed",
                15
            ],
            [
                "python",
                12
            ]
        ],
        "suites": [
            "jessie"
        ],
        "vcs_browser": "https://anonscm.debian.org/cgit/pkg-postgresql/postgresql.git/",
        "vcs_type": "git"
    },
    "raw_url": "/data/main/p/postgresql-9.4/9.4.18-0%2Bdeb8u1/src/interfaces/ecpg/test/expected/sql-show.stdout",
    "stat": {
        "perms": "rw-r--r--",
        "size": 151,
        "symlink_dest": null,
        "type": "-"
    },
    "text_file": true,
    "type": "file",
    "version": "9.4.18-0+deb8u1"
}