{
    "checksum": "6c40149cbf5150f0da8c61488146ca75aeec0eefcdae60a749c5cfbf5e8ea738",
    "file": "odt_literal_block.odt",
    "mime": {
        "encoding": "binary",
        "type": "application/vnd.oasis.opendocument.text"
    },
    "number_of_duplicates": 3,
    "package": "python-docutils",
    "path": "python-docutils/0.18.1+dfsg-1/test/functional/expected/odt_literal_block.odt",
    "pkg_infos": {
        "area": "main",
        "copyright": true,
        "ctags_count": 0,
        "license": "/copyright/license/python-docutils/0.18.1+dfsg-1/",
        "metric": {
            "size": 9456
        },
        "pts_link": "https://tracker.debian.org/pkg/python-docutils",
        "sloc": [
            [
                "python",
                47436
            ],
            [
                "lisp",
                14475
            ],
            [
                "xml",
                1817
            ],
            [
                "javascript",
                1032
            ],
            [
                "sh",
                133
            ],
            [
                "makefile",
                103
            ]
        ],
        "suites": [
            "experimental"
        ],
        "vcs_browser": "https://salsa.debian.org/python-team/packages/python-docutils",
        "vcs_type": "git"
    },
    "raw_url": "/data/main/p/python-docutils/0.18.1%2Bdfsg-1/test/functional/expected/odt_literal_block.odt",
    "stat": {
        "perms": "rw-r--r--",
        "size": 9102,
        "symlink_dest": null,
        "type": "-"
    },
    "text_file": true,
    "type": "file",
    "version": "0.18.1+dfsg-1"
}