{
    "checksum": "47b16c09035c8c920dac779a1a4b86f87339b539b93ed593bf5cc81db9b36bde",
    "file": "g.0.0.0.png",
    "mime": {
        "encoding": "binary",
        "type": "image/png"
    },
    "number_of_duplicates": 1,
    "package": "node-tilelive-vector",
    "path": "node-tilelive-vector/0.1.3-1/test/expected/g.0.0.0.png",
    "pkg_infos": {
        "area": "main",
        "copyright": true,
        "ctags_count": 42,
        "license": "/copyright/license/node-tilelive-vector/0.1.3-1/",
        "metric": {
            "size": 2968
        },
        "pts_link": "https://tracker.debian.org/pkg/node-tilelive-vector",
        "sloc": [
            [
                "xml",
                72
            ],
            [
                "makefile",
                2
            ]
        ],
        "suites": [
            "buster",
            "jessie",
            "jessie-kfreebsd",
            "stretch"
        ],
        "vcs_browser": "http://anonscm.debian.org/gitweb/?p=collab-maint/node-tilelive-vector.git",
        "vcs_type": "git"
    },
    "raw_url": "/data/main/n/node-tilelive-vector/0.1.3-1/test/expected/g.0.0.0.png",
    "stat": {
        "perms": "rw-r--r--",
        "size": 11799,
        "symlink_dest": null,
        "type": "-"
    },
    "text_file": false,
    "type": "file",
    "version": "0.1.3-1"
}