{
    "checksum": "8e6cf269b605e9c34bff3254892eaf63f8e2100c347cb8671e97bb5c31aa6811",
    "file": "example013ParseKeepingEscapeSequences",
    "mime": {
        "encoding": "us-ascii",
        "type": "text/plain"
    },
    "number_of_duplicates": 1,
    "package": "univocity-parsers",
    "path": "univocity-parsers/2.8.3-2/src/test/resources/examples/expectedOutputs/CsvParserExamples/example013ParseKeepingEscapeSequences",
    "pkg_infos": {
        "area": "main",
        "copyright": true,
        "ctags_count": 0,
        "license": "/copyright/license/univocity-parsers/2.8.3-2/",
        "metric": {
            "size": 3980
        },
        "pts_link": "https://tracker.debian.org/pkg/univocity-parsers",
        "sloc": [
            [
                "java",
                32151
            ],
            [
                "xml",
                231
            ],
            [
                "makefile",
                2
            ]
        ],
        "suites": [
            "bookworm",
            "bullseye"
        ],
        "vcs_browser": "https://salsa.debian.org/java-team/univocity-parsers",
        "vcs_type": "git"
    },
    "raw_url": "/data/main/u/univocity-parsers/2.8.3-2/src/test/resources/examples/expectedOutputs/CsvParserExamples/example013ParseKeepingEscapeSequences",
    "stat": {
        "perms": "rw-r--r--",
        "size": 434,
        "symlink_dest": null,
        "type": "-"
    },
    "text_file": true,
    "type": "file",
    "version": "2.8.3-2"
}