{
    "checksum": "6fd3b058d504f956222356428f17b995b485dd0b4c1d5d29daae1a022aa3d164",
    "file": "parseProfileByFieldPosition.txt",
    "mime": {
        "encoding": "us-ascii",
        "type": "text/plain"
    },
    "number_of_duplicates": 1,
    "package": "univocity-parsers",
    "path": "univocity-parsers/2.8.3-2/src/test/resources/examples/expectedOutputs/AnnotationExamples/parseProfileByFieldPosition.txt",
    "pkg_infos": {
        "area": "main",
        "copyright": true,
        "ctags_count": 0,
        "license": "/copyright/license/univocity-parsers/2.8.3-2/",
        "metric": {
            "size": 3980
        },
        "pts_link": "https://tracker.debian.org/pkg/univocity-parsers",
        "sloc": [
            [
                "java",
                32151
            ],
            [
                "xml",
                231
            ],
            [
                "makefile",
                2
            ]
        ],
        "suites": [
            "bookworm",
            "bullseye"
        ],
        "vcs_browser": "https://salsa.debian.org/java-team/univocity-parsers",
        "vcs_type": "git"
    },
    "raw_url": "/data/main/u/univocity-parsers/2.8.3-2/src/test/resources/examples/expectedOutputs/AnnotationExamples/parseProfileByFieldPosition.txt",
    "stat": {
        "perms": "rw-r--r--",
        "size": 140,
        "symlink_dest": null,
        "type": "-"
    },
    "text_file": true,
    "type": "file",
    "version": "2.8.3-2"
}