{
    "checksum": "1f6ccc27854c5e327b05bb2db2b471155d219fa2643415d71d160a13eb7eda18",
    "file": "zero_weight.expected",
    "mime": {
        "encoding": "utf-8",
        "type": "text/plain"
    },
    "number_of_duplicates": 3,
    "package": "groonga-normalizer-mysql",
    "path": "groonga-normalizer-mysql/1.1.4-4/test/suite/unicode_520_ci_except_kana_ci_kana_with_voiced_sound_mark/zero_weight.expected",
    "pkg_infos": {
        "area": "main",
        "copyright": true,
        "ctags_count": 0,
        "license": "/copyright/license/groonga-normalizer-mysql/1.1.4-4/",
        "metric": {
            "size": 4876
        },
        "pts_link": "https://tracker.debian.org/pkg/groonga-normalizer-mysql",
        "sloc": [
            [
                "ansic",
                38255
            ],
            [
                "sh",
                4380
            ],
            [
                "makefile",
                373
            ]
        ],
        "suites": [
            "bookworm",
            "bullseye",
            "sid"
        ],
        "vcs_browser": "https://salsa.debian.org/debian/groonga-normalizer-mysql/",
        "vcs_type": "git"
    },
    "raw_url": "/data/main/g/groonga-normalizer-mysql/1.1.4-4/test/suite/unicode_520_ci_except_kana_ci_kana_with_voiced_sound_mark/zero_weight.expected",
    "stat": {
        "perms": "rw-r--r--",
        "size": 365,
        "symlink_dest": null,
        "type": "-"
    },
    "text_file": true,
    "type": "file",
    "version": "1.1.4-4"
}