{
    "checksum": "cd2b0726bca598c13552a0448d6b825751bf0fb76ad9e5369fad94b5d575b5d0",
    "file": "pom.xml_expected",
    "mime": {
        "encoding": "us-ascii",
        "type": "text/plain"
    },
    "number_of_duplicates": 4,
    "package": "tycho",
    "path": "tycho/2.3.0-1/tycho-release/tycho-versions-plugin/src/test/resources/projects/multimodule/repository-product-only/pom.xml_expected",
    "pkg_infos": {
        "area": "main",
        "copyright": true,
        "ctags_count": 0,
        "license": "/copyright/license/tycho/2.3.0-1/",
        "metric": {
            "size": 24640
        },
        "pts_link": "https://tracker.debian.org/pkg/tycho",
        "sloc": [
            [
                "java",
                78065
            ],
            [
                "xml",
                38107
            ],
            [
                "sh",
                64
            ],
            [
                "python",
                23
            ],
            [
                "makefile",
                10
            ]
        ],
        "suites": [
            "experimental"
        ],
        "vcs_browser": "https://salsa.debian.org/java-team/tycho",
        "vcs_type": "git"
    },
    "raw_url": "/data/main/t/tycho/2.3.0-1/tycho-release/tycho-versions-plugin/src/test/resources/projects/multimodule/repository-product-only/pom.xml_expected",
    "stat": {
        "perms": "rw-r--r--",
        "size": 287,
        "symlink_dest": null,
        "type": "-"
    },
    "text_file": true,
    "type": "file",
    "version": "2.3.0-1"
}