{
    "checksum": "da20f515823cf554d55be66ada387b2a42c0fd24e0a8b20423c4820702b2da4a",
    "file": "main.cpp.expected",
    "mime": {
        "encoding": "us-ascii",
        "type": "text/plain"
    },
    "number_of_duplicates": 2,
    "package": "clazy",
    "path": "clazy/1.10-2/tests/overloaded-signal/main.cpp.expected",
    "pkg_infos": {
        "area": "main",
        "copyright": true,
        "ctags_count": 0,
        "license": "/copyright/license/clazy/1.10-2/",
        "metric": {
            "size": 4648
        },
        "pts_link": "https://tracker.debian.org/pkg/clazy",
        "sloc": [
            [
                "cpp",
                22449
            ],
            [
                "python",
                1316
            ],
            [
                "sh",
                243
            ],
            [
                "xml",
                103
            ],
            [
                "makefile",
                37
            ]
        ],
        "suites": [
            "bookworm",
            "sid"
        ],
        "vcs_browser": "https://salsa.debian.org/qt-kde-team/extras/clazy",
        "vcs_type": "git"
    },
    "raw_url": "/data/main/c/clazy/1.10-2/tests/overloaded-signal/main.cpp.expected",
    "stat": {
        "perms": "rw-r--r--",
        "size": 323,
        "symlink_dest": null,
        "type": "-"
    },
    "text_file": true,
    "type": "file",
    "version": "1.10-2"
}