{
    "checksum": "394ada760ae73f5955f6a3aa336a33a9f83d304bc4786bcc229e3487b1104a59",
    "file": "039_storage.grf",
    "mime": {
        "encoding": "binary",
        "type": "application/octet-stream"
    },
    "number_of_duplicates": 1,
    "package": "nml",
    "path": "nml/0.6.1-1/regression/expected/039_storage.grf",
    "pkg_infos": {
        "area": "main",
        "copyright": true,
        "ctags_count": 0,
        "license": "/copyright/license/nml/0.6.1-1/",
        "metric": {
            "size": 2628
        },
        "pts_link": "https://tracker.debian.org/pkg/nml",
        "sloc": [
            [
                "python",
                17302
            ],
            [
                "ansic",
                109
            ],
            [
                "makefile",
                76
            ]
        ],
        "suites": [
            "bookworm",
            "sid"
        ],
        "vcs_browser": "https://salsa.debian.org/openttd-team/nml",
        "vcs_type": "git"
    },
    "raw_url": "/data/main/n/nml/0.6.1-1/regression/expected/039_storage.grf",
    "stat": {
        "perms": "rw-r--r--",
        "size": 412,
        "symlink_dest": null,
        "type": "-"
    },
    "text_file": false,
    "type": "file",
    "version": "0.6.1-1"
}