{
    "checksum": "dfef63fd4c42e87b6655ffac327a26ba1b3d69b945f2ea79fe1fc8f707e0a988",
    "file": "plpython_subtransaction.out",
    "mime": {
        "encoding": "us-ascii",
        "type": "text/x-python"
    },
    "number_of_duplicates": 3,
    "package": "postgresql-9.1",
    "path": "postgresql-9.1/9.1.22-0+deb8u1/src/pl/plpython/expected/plpython_subtransaction.out",
    "pkg_infos": {
        "area": "main",
        "copyright": true,
        "ctags_count": 59031,
        "license": "/copyright/license/postgresql-9.1/9.1.22-0+deb8u1/",
        "metric": {
            "size": 109652
        },
        "pts_link": "https://tracker.debian.org/pkg/postgresql-9.1",
        "sloc": [
            [
                "ansic",
                578763
            ],
            [
                "sql",
                44694
            ],
            [
                "yacc",
                26399
            ],
            [
                "perl",
                6541
            ],
            [
                "lex",
                6173
            ],
            [
                "sh",
                5282
            ],
            [
                "makefile",
                3779
            ],
            [
                "asm",
                65
            ],
            [
                "sed",
                15
            ],
            [
                "python",
                12
            ]
        ],
        "suites": [
            "jessie"
        ],
        "vcs_browser": "https://anonscm.debian.org/cgit/pkg-postgresql/postgresql.git/",
        "vcs_type": "git"
    },
    "raw_url": "/data/main/p/postgresql-9.1/9.1.22-0%2Bdeb8u1/src/pl/plpython/expected/plpython_subtransaction.out",
    "stat": {
        "perms": "rw-r--r--",
        "size": 13149,
        "symlink_dest": null,
        "type": "-"
    },
    "text_file": true,
    "type": "file",
    "version": "9.1.22-0+deb8u1"
}