{
    "checksum": "d0936f14508ea59efeacd37ac914bd3a88626e3fc324bc663efd653adf2a2f35",
    "file": "wfs11_getfeatures_france_bboxwithcrsuri_srsname.txt",
    "mime": {
        "encoding": "us-ascii",
        "type": "text/plain"
    },
    "number_of_duplicates": 1,
    "package": "tinyows",
    "path": "tinyows/1.2.0-1/demo/tests/expected/wfs11_getfeatures_france_bboxwithcrsuri_srsname.txt",
    "pkg_infos": {
        "area": "non-free",
        "copyright": true,
        "ctags_count": 0,
        "license": "/copyright/license/tinyows/1.2.0-1/",
        "metric": {
            "size": 4620
        },
        "pts_link": "https://tracker.debian.org/pkg/tinyows",
        "sloc": [
            [
                "ansic",
                10072
            ],
            [
                "xml",
                1124
            ],
            [
                "lex",
                816
            ],
            [
                "sql",
                273
            ],
            [
                "sh",
                160
            ],
            [
                "makefile",
                90
            ]
        ],
        "suites": [
            "bookworm",
            "sid"
        ],
        "vcs_browser": "https://salsa.debian.org/debian-gis-team/tinyows",
        "vcs_type": "git"
    },
    "raw_url": "/data/non-free/t/tinyows/1.2.0-1/demo/tests/expected/wfs11_getfeatures_france_bboxwithcrsuri_srsname.txt",
    "stat": {
        "perms": "rw-r--r--",
        "size": 9822,
        "symlink_dest": null,
        "type": "-"
    },
    "text_file": true,
    "type": "file",
    "version": "1.2.0-1"
}