{
    "checksum": "ba3b4e6e2dca98245815c081a0038bf712d90e300d46c11361e5f7fcd7063ada",
    "file": "partition_aggregate.out",
    "mime": {
        "encoding": "us-ascii",
        "type": "text/plain"
    },
    "number_of_duplicates": 2,
    "package": "postgresql-11",
    "path": "postgresql-11/11.14-0+deb10u1/src/test/regress/expected/partition_aggregate.out",
    "pkg_infos": {
        "area": "main",
        "copyright": true,
        "ctags_count": 0,
        "license": "/copyright/license/postgresql-11/11.14-0+deb10u1/",
        "metric": {
            "size": 142652
        },
        "pts_link": "https://tracker.debian.org/pkg/postgresql-11",
        "sloc": [
            [
                "ansic",
                818996
            ],
            [
                "sql",
                85271
            ],
            [
                "yacc",
                33051
            ],
            [
                "xml",
                31044
            ],
            [
                "perl",
                24836
            ],
            [
                "lex",
                8111
            ],
            [
                "makefile",
                5034
            ],
            [
                "sh",
                4639
            ],
            [
                "cpp",
                679
            ],
            [
                "python",
                121
            ],
            [
                "asm",
                65
            ],
            [
                "sed",
                15
            ]
        ],
        "suites": [
            "buster-proposed-updates"
        ],
        "vcs_browser": "https://salsa.debian.org/postgresql/postgresql",
        "vcs_type": "git"
    },
    "raw_url": "/data/main/p/postgresql-11/11.14-0%2Bdeb10u1/src/test/regress/expected/partition_aggregate.out",
    "stat": {
        "perms": "rw-r--r--",
        "size": 63328,
        "symlink_dest": null,
        "type": "-"
    },
    "text_file": true,
    "type": "file",
    "version": "11.14-0+deb10u1"
}