{
    "checksum": "43244edc989e5af776ee6ffd9e7054075376f394d8e7decdbf3931b257e892df",
    "file": "test_method_proxy_sync_function_no_args.c",
    "mime": {
        "encoding": "us-ascii",
        "type": "text/plain"
    },
    "number_of_duplicates": 7,
    "package": "libnih",
    "path": "libnih/1.0.3-12/nih-dbus-tool/tests/expected/test_method_proxy_sync_function_no_args.c",
    "pkg_infos": {
        "area": "main",
        "copyright": true,
        "ctags_count": 0,
        "license": "/copyright/license/libnih/1.0.3-12/",
        "metric": {
            "size": 11824
        },
        "pts_link": "https://tracker.debian.org/pkg/libnih",
        "sloc": [
            [
                "ansic",
                188730
            ],
            [
                "sh",
                11217
            ],
            [
                "makefile",
                1117
            ],
            [
                "yacc",
                291
            ],
            [
                "xml",
                239
            ],
            [
                "sed",
                16
            ]
        ],
        "suites": [
            "bookworm",
            "sid"
        ],
        "vcs_browser": "https://salsa.debian.org/debian/libnih",
        "vcs_type": "git"
    },
    "raw_url": "/data/main/libn/libnih/1.0.3-12/nih-dbus-tool/tests/expected/test_method_proxy_sync_function_no_args.c",
    "stat": {
        "perms": "rw-r--r--",
        "size": 1332,
        "symlink_dest": null,
        "type": "-"
    },
    "text_file": true,
    "type": "file",
    "version": "1.0.3-12"
}