{
    "checksum": "e5e6f7dc03e33454c4f2801f6abbfa93279577c314ba525b73c7ea406110e1ca",
    "file": "underscore-samples.fasta",
    "mime": {
        "encoding": "us-ascii",
        "type": "text/plain"
    },
    "number_of_duplicates": 2,
    "package": "q2-dada2",
    "path": "q2-dada2/2021.8.0-1/q2_dada2/tests/data/expected/underscore-samples.fasta",
    "pkg_infos": {
        "area": "main",
        "copyright": true,
        "ctags_count": 0,
        "license": "/copyright/license/q2-dada2/2021.8.0-1/",
        "metric": {
            "size": 1420
        },
        "pts_link": "https://tracker.debian.org/pkg/q2-dada2",
        "sloc": [
            [
                "python",
                2227
            ],
            [
                "makefile",
                28
            ],
            [
                "sh",
                13
            ]
        ],
        "suites": [
            "sid"
        ],
        "vcs_browser": "https://salsa.debian.org/med-team/q2-dada2",
        "vcs_type": "git"
    },
    "raw_url": "/data/main/q/q2-dada2/2021.8.0-1/q2_dada2/tests/data/expected/underscore-samples.fasta",
    "stat": {
        "perms": "rw-r--r--",
        "size": 4590,
        "symlink_dest": null,
        "type": "-"
    },
    "text_file": true,
    "type": "file",
    "version": "2021.8.0-1"
}