{
    "checksum": "f1f38a207b421f9755f0ea27168c3cd655722b9bcd96cccb327052a9981f4476",
    "file": "test-de-upper-text.sql.out",
    "mime": {
        "encoding": "iso-8859-1",
        "type": "text/plain"
    },
    "number_of_duplicates": 36,
    "package": "postgresql-9.4",
    "path": "postgresql-9.4/9.4.18-0+deb8u1/src/test/locale/de_DE.ISO8859-1/expected/test-de-upper-text.sql.out",
    "pkg_infos": {
        "area": "main",
        "copyright": true,
        "ctags_count": 0,
        "license": "/copyright/license/postgresql-9.4/9.4.18-0+deb8u1/",
        "metric": {
            "size": 121624
        },
        "pts_link": "https://tracker.debian.org/pkg/postgresql-9.4",
        "sloc": [
            [
                "ansic",
                672040
            ],
            [
                "sql",
                55424
            ],
            [
                "yacc",
                28505
            ],
            [
                "perl",
                10067
            ],
            [
                "lex",
                6757
            ],
            [
                "sh",
                5199
            ],
            [
                "makefile",
                4103
            ],
            [
                "asm",
                65
            ],
            [
                "sed",
                15
            ],
            [
                "python",
                12
            ]
        ],
        "suites": [
            "jessie"
        ],
        "vcs_browser": "https://anonscm.debian.org/cgit/pkg-postgresql/postgresql.git/",
        "vcs_type": "git"
    },
    "raw_url": "/data/main/p/postgresql-9.4/9.4.18-0%2Bdeb8u1/src/test/locale/de_DE.ISO8859-1/expected/test-de-upper-text.sql.out",
    "stat": {
        "perms": "rw-r--r--",
        "size": 172,
        "symlink_dest": null,
        "type": "-"
    },
    "text_file": true,
    "type": "file",
    "version": "9.4.18-0+deb8u1"
}