{
    "checksum": "74a17a9c17f633158bc8dca6dac0d7fe4b02ee640ac545b845b9fec29dd94ecb",
    "file": "fail-on-domain-targetType-matching-domain-debuggableType.json-error",
    "mime": {
        "encoding": "us-ascii",
        "type": "text/plain"
    },
    "number_of_duplicates": 10,
    "package": "wpewebkit",
    "path": "wpewebkit/2.34.3-1/Source/JavaScriptCore/inspector/scripts/tests/expected/fail-on-domain-targetType-matching-domain-debuggableType.json-error",
    "pkg_infos": {
        "area": "main",
        "copyright": true,
        "ctags_count": 0,
        "license": "/copyright/license/wpewebkit/2.34.3-1/",
        "metric": {
            "size": 248652
        },
        "pts_link": "https://tracker.debian.org/pkg/wpewebkit",
        "sloc": [
            [
                "cpp",
                2360540
            ],
            [
                "javascript",
                191866
            ],
            [
                "ansic",
                93426
            ],
            [
                "xml",
                65769
            ],
            [
                "python",
                30274
            ],
            [
                "ruby",
                17137
            ],
            [
                "perl",
                15396
            ],
            [
                "asm",
                9345
            ],
            [
                "yacc",
                2309
            ],
            [
                "sh",
                1473
            ],
            [
                "lex",
                1293
            ],
            [
                "java",
                726
            ],
            [
                "makefile",
                74
            ],
            [
                "pascal",
                60
            ]
        ],
        "suites": [
            "bookworm",
            "sid"
        ],
        "vcs_browser": "https://salsa.debian.org/webkit-team/webkit",
        "vcs_type": "git"
    },
    "raw_url": "/data/main/w/wpewebkit/2.34.3-1/Source/JavaScriptCore/inspector/scripts/tests/expected/fail-on-domain-targetType-matching-domain-debuggableType.json-error",
    "stat": {
        "perms": "rw-r--r--",
        "size": 169,
        "symlink_dest": null,
        "type": "-"
    },
    "text_file": true,
    "type": "file",
    "version": "2.34.3-1"
}