{
    "content": [
        {
            "hidden": false,
            "name": "testBeanInfoNode.pass",
            "stat": {
                "perms": "rw-r--r--",
                "size": 6475,
                "symlink_dest": null,
                "type": "-"
            },
            "type": "file"
        },
        {
            "hidden": false,
            "name": "testGenerateNewBeanInfo.pass",
            "stat": {
                "perms": "rw-r--r--",
                "size": 6473,
                "symlink_dest": null,
                "type": "-"
            },
            "type": "file"
        },
        {
            "hidden": false,
            "name": "testIncludeExclude.pass",
            "stat": {
                "perms": "rw-r--r--",
                "size": 4863,
                "symlink_dest": null,
                "type": "-"
            },
            "type": "file"
        },
        {
            "hidden": false,
            "name": "testPropertiesNode.pass",
            "stat": {
                "perms": "rw-r--r--",
                "size": 4217,
                "symlink_dest": null,
                "type": "-"
            },
            "type": "file"
        },
        {
            "hidden": false,
            "name": "testRegenerateBeanInfoInitial.pass",
            "stat": {
                "perms": "rw-r--r--",
                "size": 6472,
                "symlink_dest": null,
                "type": "-"
            },
            "type": "file"
        },
        {
            "hidden": false,
            "name": "testRegenerateBeanInfoModified.pass",
            "stat": {
                "perms": "rw-r--r--",
                "size": 6251,
                "symlink_dest": null,
                "type": "-"
            },
            "type": "file"
        }
    ],
    "directory": "BeanInfoGeneration",
    "package": "libnb-platform18-java",
    "path": "libnb-platform18-java/12.1-2/java/beans/test/qa-func/src/gui/data/goldenfiles/BeanInfoGeneration",
    "pkg_infos": {
        "area": "main",
        "copyright": true,
        "ctags_count": 0,
        "license": "/copyright/license/libnb-platform18-java/12.1-2/",
        "metric": {
            "size": 729624
        },
        "pts_link": "https://tracker.debian.org/pkg/libnb-platform18-java",
        "sloc": [
            [
                "java",
                5058967
            ],
            [
                "xml",
                574432
            ],
            [
                "php",
                78788
            ],
            [
                "javascript",
                29039
            ],
            [
                "ansic",
                10278
            ],
            [
                "sh",
                6386
            ],
            [
                "cpp",
                4612
            ],
            [
                "jsp",
                3643
            ],
            [
                "sql",
                1097
            ],
            [
                "makefile",
                540
            ],
            [
                "objc",
                288
            ],
            [
                "perl",
                277
            ],
            [
                "haskell",
                93
            ]
        ],
        "suites": [
            "bookworm",
            "bullseye",
            "sid"
        ],
        "vcs_browser": "https://salsa.debian.org/java-team/libnb-platform-java",
        "vcs_type": "git"
    },
    "type": "directory",
    "version": "12.1-2"
}