{
    "checksum": "13d933b3ebd07015380cd129cc1fe6cf3f7a83b8849c29bf9da9a02a4524752f",
    "file": "office-runner.expected",
    "mime": {
        "encoding": "utf-8",
        "type": "text/xml"
    },
    "number_of_duplicates": 2,
    "package": "gtk4",
    "path": "gtk4/4.4.0+ds1-5/testsuite/tools/simplify-data-3to4/office-runner.expected",
    "pkg_infos": {
        "area": "main",
        "copyright": true,
        "ctags_count": 0,
        "license": "/copyright/license/gtk4/4.4.0+ds1-5/",
        "metric": {
            "size": 132256
        },
        "pts_link": "https://tracker.debian.org/pkg/gtk4",
        "sloc": [
            [
                "ansic",
                651168
            ],
            [
                "python",
                7881
            ],
            [
                "xml",
                3500
            ],
            [
                "javascript",
                3486
            ],
            [
                "sh",
                729
            ],
            [
                "perl",
                271
            ],
            [
                "makefile",
                229
            ],
            [
                "cpp",
                21
            ]
        ],
        "suites": [
            "bookworm",
            "sid"
        ],
        "vcs_browser": "https://salsa.debian.org/gnome-team/gtk4",
        "vcs_type": "git"
    },
    "raw_url": "/data/main/g/gtk4/4.4.0%2Bds1-5/testsuite/tools/simplify-data-3to4/office-runner.expected",
    "stat": {
        "perms": "rw-r--r--",
        "size": 9574,
        "symlink_dest": null,
        "type": "-"
    },
    "text_file": true,
    "type": "file",
    "version": "4.4.0+ds1-5"
}