{
    "checksum": "fc4c1e529604aea510e46ac77ead1c3f174b726479eb5ef0135c2697f53c8d1f",
    "file": "doc1.rst",
    "mime": {
        "encoding": "us-ascii",
        "type": "text/plain"
    },
    "number_of_duplicates": 2,
    "package": "sphinxcontrib-restbuilder",
    "path": "sphinxcontrib-restbuilder/0.3-3/tests/expected/sphinx-directives/toctree/doc1.rst",
    "pkg_infos": {
        "area": "main",
        "copyright": true,
        "ctags_count": 0,
        "license": "/copyright/license/sphinxcontrib-restbuilder/0.3-3/",
        "metric": {
            "size": 620
        },
        "pts_link": "https://tracker.debian.org/pkg/sphinxcontrib-restbuilder",
        "sloc": [
            [
                "python",
                1048
            ],
            [
                "makefile",
                17
            ],
            [
                "sh",
                6
            ]
        ],
        "suites": [
            "bookworm",
            "sid"
        ],
        "vcs_browser": "https://salsa.debian.org/python-team/packages/sphinxcontrib-restbuilder",
        "vcs_type": "git"
    },
    "raw_url": "/data/main/s/sphinxcontrib-restbuilder/0.3-3/tests/expected/sphinx-directives/toctree/doc1.rst",
    "stat": {
        "perms": "rw-r--r--",
        "size": 33,
        "symlink_dest": null,
        "type": "-"
    },
    "text_file": true,
    "type": "file",
    "version": "0.3-3"
}