{
    "checksum": "9b43b54e8f832bae646099963d3b06d9141d890704a2946bc3971c14937459ad",
    "file": "hash.out",
    "mime": {
        "encoding": "us-ascii",
        "type": "text/plain"
    },
    "number_of_duplicates": 3,
    "package": "postgresql-13",
    "path": "postgresql-13/13.5-0+deb11u1/contrib/pageinspect/expected/hash.out",
    "pkg_infos": {
        "area": "main",
        "copyright": true,
        "ctags_count": 0,
        "license": "/copyright/license/postgresql-13/13.5-0+deb11u1/",
        "metric": {
            "size": 151280
        },
        "pts_link": "https://tracker.debian.org/pkg/postgresql-13",
        "sloc": [
            [
                "ansic",
                871885
            ],
            [
                "sql",
                92568
            ],
            [
                "yacc",
                33912
            ],
            [
                "xml",
                31046
            ],
            [
                "perl",
                29197
            ],
            [
                "lex",
                8734
            ],
            [
                "makefile",
                6044
            ],
            [
                "sh",
                4905
            ],
            [
                "cpp",
                679
            ],
            [
                "python",
                158
            ],
            [
                "asm",
                65
            ],
            [
                "sed",
                16
            ]
        ],
        "suites": [
            "bullseye"
        ],
        "vcs_browser": "https://salsa.debian.org/postgresql/postgresql",
        "vcs_type": "git"
    },
    "raw_url": "/data/main/p/postgresql-13/13.5-0%2Bdeb11u1/contrib/pageinspect/expected/hash.out",
    "stat": {
        "perms": "rw-r--r--",
        "size": 9997,
        "symlink_dest": null,
        "type": "-"
    },
    "text_file": true,
    "type": "file",
    "version": "13.5-0+deb11u1"
}