{
    "checksum": "872e96d00a9dbe5a9973607ce2246f779ce56941695cfa610dadfabb9e7c228b",
    "file": "plproxy_clustermap.out",
    "mime": {
        "encoding": "us-ascii",
        "type": "text/plain"
    },
    "number_of_duplicates": 8,
    "package": "postgresql-plproxy",
    "path": "postgresql-plproxy/2.10.0-7/test/expected/plproxy_clustermap.out",
    "pkg_infos": {
        "area": "main",
        "copyright": true,
        "ctags_count": 0,
        "license": "/copyright/license/postgresql-plproxy/2.10.0-7/",
        "metric": {
            "size": 652
        },
        "pts_link": "https://tracker.debian.org/pkg/postgresql-plproxy",
        "sloc": [
            [
                "ansic",
                3458
            ],
            [
                "sql",
                1112
            ],
            [
                "lex",
                340
            ],
            [
                "yacc",
                171
            ],
            [
                "makefile",
                97
            ],
            [
                "sh",
                17
            ],
            [
                "awk",
                14
            ]
        ],
        "suites": [
            "bookworm",
            "sid"
        ],
        "vcs_browser": "https://salsa.debian.org/postgresql/postgresql-plproxy",
        "vcs_type": "git"
    },
    "raw_url": "/data/main/p/postgresql-plproxy/2.10.0-7/test/expected/plproxy_clustermap.out",
    "stat": {
        "perms": "rw-r--r--",
        "size": 1990,
        "symlink_dest": null,
        "type": "-"
    },
    "text_file": true,
    "type": "file",
    "version": "2.10.0-7"
}