{
    "checksum": "18d35aa58a9a1fe696d5e9966387d0123b8b28034eab751a64515f10dc9d3ff8",
    "file": "NotoColorEmoji.subset.drop-hints-retain-gids.AE.ttf",
    "mime": {
        "encoding": "binary",
        "type": "application/font-sfnt"
    },
    "number_of_duplicates": 1,
    "package": "harfbuzz",
    "path": "harfbuzz/2.7.4-1/test/subset/data/expected/cbdt/NotoColorEmoji.subset.drop-hints-retain-gids.AE.ttf",
    "pkg_infos": {
        "area": "main",
        "copyright": true,
        "ctags_count": 0,
        "license": "/copyright/license/harfbuzz/2.7.4-1/",
        "metric": {
            "size": 62728
        },
        "pts_link": "https://tracker.debian.org/pkg/harfbuzz",
        "sloc": [
            [
                "cpp",
                79929
            ],
            [
                "ansic",
                8740
            ],
            [
                "sh",
                4612
            ],
            [
                "xml",
                4528
            ],
            [
                "python",
                3478
            ],
            [
                "makefile",
                1017
            ]
        ],
        "suites": [
            "bookworm",
            "bullseye",
            "bullseye-proposed-updates",
            "sid"
        ],
        "vcs_browser": "https://salsa.debian.org/freedesktop-team/harfbuzz",
        "vcs_type": "git"
    },
    "raw_url": "/data/main/h/harfbuzz/2.7.4-1/test/subset/data/expected/cbdt/NotoColorEmoji.subset.drop-hints-retain-gids.AE.ttf",
    "stat": {
        "perms": "rw-r--r--",
        "size": 4428,
        "symlink_dest": null,
        "type": "-"
    },
    "text_file": false,
    "type": "file",
    "version": "2.7.4-1"
}