{
    "checksum": "1d5420147673d3811a93aef945f07b05e03c8b350fb1008861bed3dfd2b8dc26",
    "file": "londiste_install.out",
    "mime": {
        "encoding": "us-ascii",
        "type": "text/plain"
    },
    "number_of_duplicates": 3,
    "package": "skytools3",
    "path": "skytools3/3.2.6-5/sql/londiste/expected/londiste_install.out",
    "pkg_infos": {
        "area": "main",
        "copyright": true,
        "ctags_count": 6303,
        "license": "/copyright/license/skytools3/3.2.6-5/",
        "metric": {
            "size": 5716
        },
        "pts_link": "https://tracker.debian.org/pkg/skytools3",
        "sloc": [
            [
                "ansic",
                22286
            ],
            [
                "python",
                16440
            ],
            [
                "sql",
                14581
            ],
            [
                "sh",
                2988
            ],
            [
                "makefile",
                1474
            ],
            [
                "sed",
                20
            ]
        ],
        "suites": [
            "stretch"
        ],
        "vcs_browser": "http://anonscm.debian.org/gitweb/?p=pkg-postgresql/skytools3.git",
        "vcs_type": "git"
    },
    "raw_url": "/data/main/s/skytools3/3.2.6-5/sql/londiste/expected/londiste_install.out",
    "stat": {
        "perms": "rw-r--r--",
        "size": 192,
        "symlink_dest": null,
        "type": "-"
    },
    "text_file": true,
    "type": "file",
    "version": "3.2.6-5"
}