{
    "checksum": "b5f0e4aa33c2a731f8011f4c6a2fbd6dddd17483817bbad3f9e4eda0c4a4d9fc",
    "file": "point_on_line.gfs",
    "mime": {
        "encoding": "us-ascii",
        "type": "text/plain"
    },
    "number_of_duplicates": 7,
    "package": "qgis",
    "path": "qgis/3.16.15+dfsg-1/python/plugins/processing/tests/testdata/expected/point_on_line.gfs",
    "pkg_infos": {
        "area": "main",
        "copyright": true,
        "ctags_count": 0,
        "license": "/copyright/license/qgis/3.16.15+dfsg-1/",
        "metric": {
            "size": 814172
        },
        "pts_link": "https://tracker.debian.org/pkg/qgis",
        "sloc": [
            [
                "cpp",
                1144458
            ],
            [
                "python",
                173601
            ],
            [
                "xml",
                13652
            ],
            [
                "perl",
                3382
            ],
            [
                "sh",
                3088
            ],
            [
                "sql",
                2446
            ],
            [
                "ansic",
                2199
            ],
            [
                "yacc",
                1021
            ],
            [
                "lex",
                570
            ],
            [
                "javascript",
                505
            ],
            [
                "lisp",
                411
            ],
            [
                "makefile",
                233
            ]
        ],
        "suites": [
            "bookworm",
            "sid"
        ],
        "vcs_browser": "https://salsa.debian.org/debian-gis-team/qgis",
        "vcs_type": "git"
    },
    "raw_url": "/data/main/q/qgis/3.16.15%2Bdfsg-1/python/plugins/processing/tests/testdata/expected/point_on_line.gfs",
    "stat": {
        "perms": "rw-r--r--",
        "size": 478,
        "symlink_dest": null,
        "type": "-"
    },
    "text_file": true,
    "type": "file",
    "version": "3.16.15+dfsg-1"
}