{
    "checksum": "3e018951abfe3c4834b81be52387550a918c121586dbe8c6e2c9eb948a868d30",
    "file": "ip_r.expected",
    "mime": {
        "encoding": "us-ascii",
        "type": "text/plain"
    },
    "number_of_duplicates": 2,
    "package": "rear",
    "path": "rear/2.6+dfsg-1/tests/setup1/tcase4_results/ip_r.expected",
    "pkg_infos": {
        "area": "main",
        "copyright": true,
        "ctags_count": 0,
        "license": "/copyright/license/rear/2.6+dfsg-1/",
        "metric": {
            "size": 5844
        },
        "pts_link": "https://tracker.debian.org/pkg/rear",
        "sloc": [
            [
                "sh",
                21666
            ],
            [
                "xml",
                290
            ],
            [
                "makefile",
                286
            ]
        ],
        "suites": [
            "bookworm",
            "bullseye",
            "sid"
        ],
        "vcs_browser": "https://salsa.debian.org/debian/rear",
        "vcs_type": "git"
    },
    "raw_url": "/data/main/r/rear/2.6%2Bdfsg-1/tests/setup1/tcase4_results/ip_r.expected",
    "stat": {
        "perms": "rw-r--r--",
        "size": 423,
        "symlink_dest": null,
        "type": "-"
    },
    "text_file": true,
    "type": "file",
    "version": "2.6+dfsg-1"
}