{
    "checksum": "97010693537c35dcc3a7ba99eb1b9b809c8d0d4c78e1b3421442926a7124475b",
    "file": "jdk15-testjdk15CCTest7aivunsorted.pass",
    "mime": {
        "encoding": "us-ascii",
        "type": "text/plain"
    },
    "number_of_duplicates": 88,
    "package": "libnb-platform18-java",
    "path": "libnb-platform18-java/12.1-2/java/java.editor/test/qa-functional/data/goldenfiles/org/netbeans/test/java/editor/completion/NormalCCTests/jdk15-testjdk15CCTest7aivunsorted.pass",
    "pkg_infos": {
        "area": "main",
        "copyright": true,
        "ctags_count": 0,
        "license": "/copyright/license/libnb-platform18-java/12.1-2/",
        "metric": {
            "size": 729624
        },
        "pts_link": "https://tracker.debian.org/pkg/libnb-platform18-java",
        "sloc": [
            [
                "java",
                5058967
            ],
            [
                "xml",
                574432
            ],
            [
                "php",
                78788
            ],
            [
                "javascript",
                29039
            ],
            [
                "ansic",
                10278
            ],
            [
                "sh",
                6386
            ],
            [
                "cpp",
                4612
            ],
            [
                "jsp",
                3643
            ],
            [
                "sql",
                1097
            ],
            [
                "makefile",
                540
            ],
            [
                "objc",
                288
            ],
            [
                "perl",
                277
            ],
            [
                "haskell",
                93
            ]
        ],
        "suites": [
            "bookworm",
            "bullseye",
            "sid"
        ],
        "vcs_browser": "https://salsa.debian.org/java-team/libnb-platform-java",
        "vcs_type": "git"
    },
    "raw_url": "/data/main/libn/libnb-platform18-java/12.1-2/java/java.editor/test/qa-functional/data/goldenfiles/org/netbeans/test/java/editor/completion/NormalCCTests/jdk15-testjdk15CCTest7aivunsorted.pass",
    "stat": {
        "perms": "rw-r--r--",
        "size": 1605,
        "symlink_dest": null,
        "type": "-"
    },
    "text_file": true,
    "type": "file",
    "version": "12.1-2"
}